// Jest Snapshot v1, https://goo.gl/fbAQLP

exports[`react-live string should encode&decode 1`] = `"⁣‌⁣⁤⁣​‌⁤​​⁠⁤⁣⁢⁣⁤⁣⁠​⁤⁣⁠⁣⁤⁣​⁢⁤⁣‌‌"`;
